../AGR_Library_MD/Module_Common/Driver_Interface/IOIF/IOIF_Common/Src/ioif_tim_common.c:76:6:IOIF_msDelay	16	static
../AGR_Library_MD/Module_Common/Driver_Interface/IOIF/IOIF_Common/Src/ioif_tim_common.c:81:6:IOIF_SetCCRCnt	16	static
../AGR_Library_MD/Module_Common/Driver_Interface/IOIF/IOIF_Common/Src/ioif_tim_common.c:91:6:IOIF_SetARRCnt	16	static
../AGR_Library_MD/Module_Common/Driver_Interface/IOIF/IOIF_Common/Src/ioif_tim_common.c:101:10:IOIF_GetCCRCnt	16	static
../AGR_Library_MD/Module_Common/Driver_Interface/IOIF/IOIF_Common/Src/ioif_tim_common.c:111:10:IOIF_GetARRCnt	16	static
../AGR_Library_MD/Module_Common/Driver_Interface/IOIF/IOIF_Common/Src/ioif_tim_common.c:121:6:IOIF_SetCounterMode	16	static
../AGR_Library_MD/Module_Common/Driver_Interface/IOIF/IOIF_Common/Src/ioif_tim_common.c:136:10:IOIF_GetTick	8	static
../AGR_Library_MD/Module_Common/Driver_Interface/IOIF/IOIF_Common/Src/ioif_tim_common.c:147:17:IOIF_StartTimIT	24	static
../AGR_Library_MD/Module_Common/Driver_Interface/IOIF/IOIF_Common/Src/ioif_tim_common.c:164:17:IOIF_StopTimIT	24	static
../AGR_Library_MD/Module_Common/Driver_Interface/IOIF/IOIF_Common/Src/ioif_tim_common.c:176:17:IOIF_StartTimOCIT	24	static
../AGR_Library_MD/Module_Common/Driver_Interface/IOIF/IOIF_Common/Src/ioif_tim_common.c:188:17:IOIF_StopTimOCIT	24	static
../AGR_Library_MD/Module_Common/Driver_Interface/IOIF/IOIF_Common/Src/ioif_tim_common.c:202:17:IOIF_StartPWM	24	static
../AGR_Library_MD/Module_Common/Driver_Interface/IOIF/IOIF_Common/Src/ioif_tim_common.c:214:17:IOIF_StopPWM	24	static
../AGR_Library_MD/Module_Common/Driver_Interface/IOIF/IOIF_Common/Src/ioif_tim_common.c:226:17:IOIF_StartPWMN	24	static
../AGR_Library_MD/Module_Common/Driver_Interface/IOIF/IOIF_Common/Src/ioif_tim_common.c:238:17:IOIF_StopPWMN	24	static
../AGR_Library_MD/Module_Common/Driver_Interface/IOIF/IOIF_Common/Src/ioif_tim_common.c:250:17:IOIF_SetTimCompVal	32	static
../AGR_Library_MD/Module_Common/Driver_Interface/IOIF/IOIF_Common/Src/ioif_tim_common.c:271:17:IOIF_SetTimCB	24	static
