../AGR_Library_MD/Module_Common/Driver_Interface/CDI/DOP_Mngr/Src/data_object_dictionaries.c:55:9:DOP_ConvertDataSize	16	static
../AGR_Library_MD/Module_Common/Driver_Interface/CDI/DOP_Mngr/Src/data_object_dictionaries.c:73:6:DOP_CreateSDOTable	8	static
../AGR_Library_MD/Module_Common/Driver_Interface/CDI/DOP_Mngr/Src/data_object_dictionaries.c:282:6:DOP_CreatePDOTable	8	static
../AGR_Library_MD/Module_Common/Driver_Interface/CDI/DOP_Mngr/Src/data_object_dictionaries.c:450:13:AssembleSDO	24	static
../AGR_Library_MD/Module_Common/Driver_Interface/CDI/DOP_Mngr/Src/data_object_dictionaries.c:456:13:AssemblePDO	24	static
