../AGR_Library_MD/Module_Common/Driver_Interface/CDI/DOP_Mngr/Src/data_object.c:65:20:DOP_GetDataTypeInfo	24	static
../AGR_Library_MD/Module_Common/Driver_Interface/CDI/DOP_Mngr/Src/data_object.c:87:6:DOP_CreateDOD	16	static
../AGR_Library_MD/Module_Common/Driver_Interface/CDI/DOP_Mngr/Src/data_object.c:92:6:DOP_CreateSDO	32	static
../AGR_Library_MD/Module_Common/Driver_Interface/CDI/DOP_Mngr/Src/data_object.c:103:6:DOP_CreatePDO	32	static
../AGR_Library_MD/Module_Common/Driver_Interface/CDI/DOP_Mngr/Src/data_object.c:115:12:DOP_FindSDO	16	static
../AGR_Library_MD/Module_Common/Driver_Interface/CDI/DOP_Mngr/Src/data_object.c:120:12:DOP_FindPDO	16	static
../AGR_Library_MD/Module_Common/Driver_Interface/CDI/DOP_Mngr/Src/data_object.c:125:10:DOP_CallSDO	16	static
../AGR_Library_MD/Module_Common/Driver_Interface/CDI/DOP_Mngr/Src/data_object.c:138:6:DOP_SetSDOReq	32	static
../AGR_Library_MD/Module_Common/Driver_Interface/CDI/DOP_Mngr/Src/data_object.c:153:16:DOP_GetSDORes	24	static
../AGR_Library_MD/Module_Common/Driver_Interface/CDI/DOP_Mngr/Src/data_object.c:163:10:DOP_SetSDOArgs	24	static
../AGR_Library_MD/Module_Common/Driver_Interface/CDI/DOP_Mngr/Src/data_object.c:186:10:DOP_SetPDO	16	static
../AGR_Library_MD/Module_Common/Driver_Interface/CDI/DOP_Mngr/Src/data_object.c:193:10:DOP_GetPDO	16	static
