../AGR_Library_MD/Module_Common/HW_Drivers/BSP/BSP_Drivers/FDCAN/Src/bsp_fdcan.c:179:21:BSP_InitFDCAN	24	static
../AGR_Library_MD/Module_Common/HW_Drivers/BSP/BSP_Drivers/FDCAN/Src/bsp_fdcan.c:191:21:BSP_DeInitFDCAN	24	static
../AGR_Library_MD/Module_Common/HW_Drivers/BSP/BSP_Drivers/FDCAN/Src/bsp_fdcan.c:205:21:BSP_GetStateFDCAN	24	static
../AGR_Library_MD/Module_Common/HW_Drivers/BSP/BSP_Drivers/FDCAN/Src/bsp_fdcan.c:217:21:BSP_GetErrorFDCAN	24	static
../AGR_Library_MD/Module_Common/HW_Drivers/BSP/BSP_Drivers/FDCAN/Src/bsp_fdcan.c:232:21:BSP_ConfigFDCANFilter	24	static
../AGR_Library_MD/Module_Common/HW_Drivers/BSP/BSP_Drivers/FDCAN/Src/bsp_fdcan.c:248:21:BSP_ConfigFDCANGlobalFilter	40	static
../AGR_Library_MD/Module_Common/HW_Drivers/BSP/BSP_Drivers/FDCAN/Src/bsp_fdcan.c:262:21:BSP_ConfigFDCANTxDelay	24	static
../AGR_Library_MD/Module_Common/HW_Drivers/BSP/BSP_Drivers/FDCAN/Src/bsp_fdcan.c:274:21:BSP_EnableFDCANTxDelay	24	static
../AGR_Library_MD/Module_Common/HW_Drivers/BSP/BSP_Drivers/FDCAN/Src/bsp_fdcan.c:289:21:BSP_ActivateFDCANNotification	32	static
../AGR_Library_MD/Module_Common/HW_Drivers/BSP/BSP_Drivers/FDCAN/Src/bsp_fdcan.c:302:21:BSP_StartFDCAN	24	static
../AGR_Library_MD/Module_Common/HW_Drivers/BSP/BSP_Drivers/FDCAN/Src/bsp_fdcan.c:314:21:BSP_StopFDCAN	24	static
../AGR_Library_MD/Module_Common/HW_Drivers/BSP/BSP_Drivers/FDCAN/Src/bsp_fdcan.c:328:21:BSP_AddFDCANMsgToTxQ	32	static
../AGR_Library_MD/Module_Common/HW_Drivers/BSP/BSP_Drivers/FDCAN/Src/bsp_fdcan.c:354:21:BSP_GetFDCANRxMsg	32	static
../AGR_Library_MD/Module_Common/HW_Drivers/BSP/BSP_Drivers/FDCAN/Src/bsp_fdcan.c:382:6:BSP_SetFDCANCB	24	static
../AGR_Library_MD/Module_Common/HW_Drivers/BSP/BSP_Drivers/FDCAN/Src/bsp_fdcan.c:395:6:HAL_FDCAN_RxFifo0Callback	16	static
../AGR_Library_MD/Module_Common/HW_Drivers/BSP/BSP_Drivers/FDCAN/Src/bsp_fdcan.c:408:6:HAL_FDCAN_RxFifo1Callback	16	static
../AGR_Library_MD/Module_Common/HW_Drivers/BSP/BSP_Drivers/FDCAN/Src/bsp_fdcan.c:444:13:ExecuteFDCANCB	32	static
../AGR_Library_MD/Module_Common/HW_Drivers/BSP/BSP_Drivers/FDCAN/Src/bsp_fdcan.c:462:29:FindFdcanHandle	24	static
../AGR_Library_MD/Module_Common/HW_Drivers/BSP/BSP_Drivers/FDCAN/Src/bsp_fdcan.c:478:20:FindFdcanEnum	24	static
