../AGR_Library_MD/Apps/Tasks/Msg_Hdlr/Src/msg_hdlr.c:141:1:GetTaskStateCB	16	static
../AGR_Library_MD/Apps/Tasks/Msg_Hdlr/Src/msg_hdlr.c:141:1:SetTaskStateCB	24	static
../AGR_Library_MD/Apps/Tasks/Msg_Hdlr/Src/msg_hdlr.c:141:1:GetTaskRoutineCB	24	static
../AGR_Library_MD/Apps/Tasks/Msg_Hdlr/Src/msg_hdlr.c:141:1:SetTaskRoutineCB	24	static
../AGR_Library_MD/Apps/Tasks/Msg_Hdlr/Src/msg_hdlr.c:143:6:InitMsgHdlr	88	static
../AGR_Library_MD/Apps/Tasks/Msg_Hdlr/Src/msg_hdlr.c:205:6:RunMsgHdlr	48	static
../AGR_Library_MD/Apps/Tasks/Msg_Hdlr/Src/msg_hdlr.c:235:13:StateOff_Ent	8	static
../AGR_Library_MD/Apps/Tasks/Msg_Hdlr/Src/msg_hdlr.c:243:13:StateStandby_Ent	8	static
../AGR_Library_MD/Apps/Tasks/Msg_Hdlr/Src/msg_hdlr.c:248:13:StateStandby_Run	4	static
../AGR_Library_MD/Apps/Tasks/Msg_Hdlr/Src/msg_hdlr.c:253:13:StateStandby_Ext	4	static
../AGR_Library_MD/Apps/Tasks/Msg_Hdlr/Src/msg_hdlr.c:258:13:StateEnable_Ent	8	static
../AGR_Library_MD/Apps/Tasks/Msg_Hdlr/Src/msg_hdlr.c:264:13:StateEnable_Run	8	static
../AGR_Library_MD/Apps/Tasks/Msg_Hdlr/Src/msg_hdlr.c:274:13:StateEnable_Ext	8	static
../AGR_Library_MD/Apps/Tasks/Msg_Hdlr/Src/msg_hdlr.c:282:13:StateError_Run	4	static
../AGR_Library_MD/Apps/Tasks/Msg_Hdlr/Src/msg_hdlr.c:288:16:Read_Node_ID	16	static
../AGR_Library_MD/Apps/Tasks/Msg_Hdlr/Src/msg_hdlr.c:297:21:Get_Header	24	static
../AGR_Library_MD/Apps/Tasks/Msg_Hdlr/Src/msg_hdlr.c:305:6:Send_EMCY	24	static
../AGR_Library_MD/Apps/Tasks/Msg_Hdlr/Src/msg_hdlr.c:320:13:Recv_EMCY	16	static
../AGR_Library_MD/Apps/Tasks/Msg_Hdlr/Src/msg_hdlr.c:326:22:Convert_Bytes_to_SDO_req	56	static
../AGR_Library_MD/Apps/Tasks/Msg_Hdlr/Src/msg_hdlr.c:345:12:Read_SDO	72	static
../AGR_Library_MD/Apps/Tasks/Msg_Hdlr/Src/msg_hdlr.c:381:12:Unpack_SDO	32	static
../AGR_Library_MD/Apps/Tasks/Msg_Hdlr/Src/msg_hdlr.c:407:12:Convert_SDOres_to_Bytes	32	static
../AGR_Library_MD/Apps/Tasks/Msg_Hdlr/Src/msg_hdlr.c:434:12:Pack_SDO	56	static
../AGR_Library_MD/Apps/Tasks/Msg_Hdlr/Src/msg_hdlr.c:489:12:Send_SDO	32	static
../AGR_Library_MD/Apps/Tasks/Msg_Hdlr/Src/msg_hdlr.c:516:12:Convert_Bytes_to_PDO	32	static
../AGR_Library_MD/Apps/Tasks/Msg_Hdlr/Src/msg_hdlr.c:539:12:Unpack_PDO	32	static
../AGR_Library_MD/Apps/Tasks/Msg_Hdlr/Src/msg_hdlr.c:564:12:Convert_PDO_to_Bytes	32	static
../AGR_Library_MD/Apps/Tasks/Msg_Hdlr/Src/msg_hdlr.c:586:12:Pack_PDO	40	static
../AGR_Library_MD/Apps/Tasks/Msg_Hdlr/Src/msg_hdlr.c:623:12:Run_Send_PDO	24	static
../AGR_Library_MD/Apps/Tasks/Msg_Hdlr/Src/msg_hdlr.c:651:12:Ext_Send_PDO	8	static
../AGR_Library_MD/Apps/Tasks/Msg_Hdlr/Src/msg_hdlr.c:660:12:Set_PDO_Dummy	4	static
../AGR_Library_MD/Apps/Tasks/Msg_Hdlr/Src/msg_hdlr.c:682:13:Add_PDO_to_Send	48	static
../AGR_Library_MD/Apps/Tasks/Msg_Hdlr/Src/msg_hdlr.c:700:13:Clear_PDO_to_Send	16	static
../AGR_Library_MD/Apps/Tasks/Msg_Hdlr/Src/msg_hdlr.c:708:5:Send_MSG	32	static
../AGR_Library_MD/Apps/Tasks/Msg_Hdlr/Src/msg_hdlr.c:723:12:Fdcan_Rx_Hdlr	16	static
../AGR_Library_MD/Apps/Tasks/Msg_Hdlr/Src/msg_hdlr.c:760:13:Set_Send_PDO_List	32	static
../AGR_Library_MD/Apps/Tasks/Msg_Hdlr/Src/msg_hdlr.c:775:13:Set_MS_Enum	16	static
../AGR_Library_MD/Apps/Tasks/Msg_Hdlr/Src/msg_hdlr.c:783:13:Set_GUI_COMM_OnOff	16	static
../AGR_Library_MD/Apps/Tasks/Msg_Hdlr/Src/msg_hdlr.c:791:13:Set_GUI_COMM_Command	16	static
../AGR_Library_MD/Apps/Tasks/Msg_Hdlr/Src/msg_hdlr.c:802:13:Add_SDO_to_Send	48	static
../AGR_Library_MD/Apps/Tasks/Msg_Hdlr/Src/msg_hdlr.c:820:13:Clear_SDO_to_Send	16	static
../AGR_Library_MD/Apps/Tasks/Msg_Hdlr/Src/msg_hdlr.c:826:6:Send_ExtensionBoardEnable	8	static
../AGR_Library_MD/Apps/Tasks/Msg_Hdlr/Src/msg_hdlr.c:833:6:Send_ExtensionBoardDisable	8	static
