../AGR_Library_MD/Module_Common/HW_Drivers/BSP/BSP_Drivers/SPI/Src/bsp_spi.c:212:21:BSP_InitSPI	24	static
../AGR_Library_MD/Module_Common/HW_Drivers/BSP/BSP_Drivers/SPI/Src/bsp_spi.c:224:21:BSP_DeInitSPI	24	static
../AGR_Library_MD/Module_Common/HW_Drivers/BSP/BSP_Drivers/SPI/Src/bsp_spi.c:237:23:BSP_GetStateSPI	24	static
../AGR_Library_MD/Module_Common/HW_Drivers/BSP/BSP_Drivers/SPI/Src/bsp_spi.c:249:10:BSP_GetErrorSPI	24	static
../AGR_Library_MD/Module_Common/HW_Drivers/BSP/BSP_Drivers/SPI/Src/bsp_spi.c:267:21:BSP_RunSPIBlock	40	static
../AGR_Library_MD/Module_Common/HW_Drivers/BSP/BSP_Drivers/SPI/Src/bsp_spi.c:294:21:BSP_AbortSPIBlock	24	static
../AGR_Library_MD/Module_Common/HW_Drivers/BSP/BSP_Drivers/SPI/Src/bsp_spi.c:311:21:BSP_RunSPIIT	32	static
../AGR_Library_MD/Module_Common/HW_Drivers/BSP/BSP_Drivers/SPI/Src/bsp_spi.c:366:21:BSP_AbortSPIIT	24	static
../AGR_Library_MD/Module_Common/HW_Drivers/BSP/BSP_Drivers/SPI/Src/bsp_spi.c:384:21:BSP_RunSPIDMA	32	static
../AGR_Library_MD/Module_Common/HW_Drivers/BSP/BSP_Drivers/SPI/Src/bsp_spi.c:458:21:BSP_PauseSPIDMA	24	static
../AGR_Library_MD/Module_Common/HW_Drivers/BSP/BSP_Drivers/SPI/Src/bsp_spi.c:470:21:BSP_ResumeSPIDMA	24	static
../AGR_Library_MD/Module_Common/HW_Drivers/BSP/BSP_Drivers/SPI/Src/bsp_spi.c:482:21:BSP_StopSPIDMA	24	static
../AGR_Library_MD/Module_Common/HW_Drivers/BSP/BSP_Drivers/SPI/Src/bsp_spi.c:498:6:BSP_SetSPICB	24	static
../AGR_Library_MD/Module_Common/HW_Drivers/BSP/BSP_Drivers/SPI/Src/bsp_spi.c:510:6:HAL_SPI_TxCpltCallback	16	static
../AGR_Library_MD/Module_Common/HW_Drivers/BSP/BSP_Drivers/SPI/Src/bsp_spi.c:527:6:HAL_SPI_RxCpltCallback	16	static
../AGR_Library_MD/Module_Common/HW_Drivers/BSP/BSP_Drivers/SPI/Src/bsp_spi.c:544:6:HAL_SPI_TxRxCpltCallback	16	static
../AGR_Library_MD/Module_Common/HW_Drivers/BSP/BSP_Drivers/SPI/Src/bsp_spi.c:561:6:HAL_SPI_TxHalfCpltCallback	16	static
../AGR_Library_MD/Module_Common/HW_Drivers/BSP/BSP_Drivers/SPI/Src/bsp_spi.c:572:6:HAL_SPI_RxHalfCpltCallback	16	static
../AGR_Library_MD/Module_Common/HW_Drivers/BSP/BSP_Drivers/SPI/Src/bsp_spi.c:583:6:HAL_SPI_TxRxHalfCpltCallback	16	static
../AGR_Library_MD/Module_Common/HW_Drivers/BSP/BSP_Drivers/SPI/Src/bsp_spi.c:594:6:HAL_SPI_ErrorCallback	16	static
../AGR_Library_MD/Module_Common/HW_Drivers/BSP/BSP_Drivers/SPI/Src/bsp_spi.c:605:6:HAL_SPI_AbortCpltCallback	16	static
../AGR_Library_MD/Module_Common/HW_Drivers/BSP/BSP_Drivers/SPI/Src/bsp_spi.c:616:6:HAL_SPI_SuspendCallback	16	static
../AGR_Library_MD/Module_Common/HW_Drivers/BSP/BSP_Drivers/SPI/Src/bsp_spi.c:637:13:ExecuteSPICB	32	static
../AGR_Library_MD/Module_Common/HW_Drivers/BSP/BSP_Drivers/SPI/Src/bsp_spi.c:655:27:FindSPIHandle	24	static
../AGR_Library_MD/Module_Common/HW_Drivers/BSP/BSP_Drivers/SPI/Src/bsp_spi.c:665:18:FindSPIEnum	24	static
