../AGR_Library_MD/Module_Common/HW_Drivers/BSP/BSP_Drivers/GPIO/Src/bsp_gpio.c:92:6:BSP_InitGPIO	24	static
../AGR_Library_MD/Module_Common/HW_Drivers/BSP/BSP_Drivers/GPIO/Src/bsp_gpio.c:106:6:BSP_DeInitGPIO	24	static
../AGR_Library_MD/Module_Common/HW_Drivers/BSP/BSP_Drivers/GPIO/Src/bsp_gpio.c:123:20:BSP_ReadGPIOPin	24	static
../AGR_Library_MD/Module_Common/HW_Drivers/BSP/BSP_Drivers/GPIO/Src/bsp_gpio.c:137:6:BSP_WriteGPIOPin	24	static
../AGR_Library_MD/Module_Common/HW_Drivers/BSP/BSP_Drivers/GPIO/Src/bsp_gpio.c:151:6:BSP_ToggleGPIOPin	24	static
../AGR_Library_MD/Module_Common/HW_Drivers/BSP/BSP_Drivers/GPIO/Src/bsp_gpio.c:165:21:BSP_LockGPIOPin	24	static
../AGR_Library_MD/Module_Common/HW_Drivers/BSP/BSP_Drivers/GPIO/Src/bsp_gpio.c:181:6:BSP_SetGPIOCB	24	static
../AGR_Library_MD/Module_Common/HW_Drivers/BSP/BSP_Drivers/GPIO/Src/bsp_gpio.c:195:6:HAL_GPIO_EXTI_Callback	16	static
../AGR_Library_MD/Module_Common/HW_Drivers/BSP/BSP_Drivers/GPIO/Src/bsp_gpio.c:216:13:ExecuteGPIOCB	32	static
../AGR_Library_MD/Module_Common/HW_Drivers/BSP/BSP_Drivers/GPIO/Src/bsp_gpio.c:234:22:FindGPIOHandle	24	static
../AGR_Library_MD/Module_Common/HW_Drivers/BSP/BSP_Drivers/GPIO/Src/bsp_gpio.c:251:16:PinToIndex	16	static
../AGR_Library_MD/Module_Common/HW_Drivers/BSP/BSP_Drivers/GPIO/Src/bsp_gpio.c:256:6:Is_BT_connected	4	static
