../AGR_Library_MD/Module_Common/HW_Drivers/BSP/BSP_Drivers/FLASH/Src/bsp_flash.c:70:21:BSP_UnlockFlash	8	static
../AGR_Library_MD/Module_Common/HW_Drivers/BSP/BSP_Drivers/FLASH/Src/bsp_flash.c:79:21:BSP_LockFlash	8	static
../AGR_Library_MD/Module_Common/HW_Drivers/BSP/BSP_Drivers/FLASH/Src/bsp_flash.c:89:10:BSP_GetFlashError	8	static
../AGR_Library_MD/Module_Common/HW_Drivers/BSP/BSP_Drivers/FLASH/Src/bsp_flash.c:108:21:BSP_ProgramFlash	24	static
../AGR_Library_MD/Module_Common/HW_Drivers/BSP/BSP_Drivers/FLASH/Src/bsp_flash.c:126:21:BSP_ProgramFlashIT	24	static
../AGR_Library_MD/Module_Common/HW_Drivers/BSP/BSP_Drivers/FLASH/Src/bsp_flash.c:140:21:BSP_EraseFlashEx	16	static
../AGR_Library_MD/Module_Common/HW_Drivers/BSP/BSP_Drivers/FLASH/Src/bsp_flash.c:150:21:BSP_EraseFlashExIT	24	static
../AGR_Library_MD/Module_Common/HW_Drivers/BSP/BSP_Drivers/FLASH/Src/bsp_flash.c:167:6:BSP_SetFLASHCB	24	static
../AGR_Library_MD/Module_Common/HW_Drivers/BSP/BSP_Drivers/FLASH/Src/bsp_flash.c:184:6:HAL_FLASH_EndOfOperationCallback	16	static
../AGR_Library_MD/Module_Common/HW_Drivers/BSP/BSP_Drivers/FLASH/Src/bsp_flash.c:199:6:HAL_FLASH_OperationErrorCallback	16	static
../AGR_Library_MD/Module_Common/HW_Drivers/BSP/BSP_Drivers/FLASH/Src/bsp_flash.c:220:13:ExecuteFLASHCB	24	static
