../AGR_Library_MD/Module_Common/HW_Drivers/BSP/BSP_Drivers/TIMER/Src/bsp_tim.c:305:21:BSP_RunTimIT	24	static
../AGR_Library_MD/Module_Common/HW_Drivers/BSP/BSP_Drivers/TIMER/Src/bsp_tim.c:325:21:BSP_RunTimOCIT	24	static
../AGR_Library_MD/Module_Common/HW_Drivers/BSP/BSP_Drivers/TIMER/Src/bsp_tim.c:353:21:BSP_RunPWM	24	static
../AGR_Library_MD/Module_Common/HW_Drivers/BSP/BSP_Drivers/TIMER/Src/bsp_tim.c:386:21:BSP_StartPWMDMA	32	static
../AGR_Library_MD/Module_Common/HW_Drivers/BSP/BSP_Drivers/TIMER/Src/bsp_tim.c:414:21:BSP_StopPWMDMA	24	static
../AGR_Library_MD/Module_Common/HW_Drivers/BSP/BSP_Drivers/TIMER/Src/bsp_tim.c:442:21:BSP_SetTimCompVal	32	static
../AGR_Library_MD/Module_Common/HW_Drivers/BSP/BSP_Drivers/TIMER/Src/bsp_tim.c:451:6:BSP_Delay	16	static
../AGR_Library_MD/Module_Common/HW_Drivers/BSP/BSP_Drivers/TIMER/Src/bsp_tim.c:460:10:BSP_GetTick	8	static
../AGR_Library_MD/Module_Common/HW_Drivers/BSP/BSP_Drivers/TIMER/Src/bsp_tim.c:470:9:BSP_GetCnt	24	static
../AGR_Library_MD/Module_Common/HW_Drivers/BSP/BSP_Drivers/TIMER/Src/bsp_tim.c:476:6:BSP_SetCCRCnt	24	static
../AGR_Library_MD/Module_Common/HW_Drivers/BSP/BSP_Drivers/TIMER/Src/bsp_tim.c:482:6:BSP_SetARRCnt	24	static
../AGR_Library_MD/Module_Common/HW_Drivers/BSP/BSP_Drivers/TIMER/Src/bsp_tim.c:488:10:BSP_GetCCRCnt	24	static
../AGR_Library_MD/Module_Common/HW_Drivers/BSP/BSP_Drivers/TIMER/Src/bsp_tim.c:494:10:BSP_GetARRCnt	24	static
../AGR_Library_MD/Module_Common/HW_Drivers/BSP/BSP_Drivers/TIMER/Src/bsp_tim.c:500:6:BSP_SetCounterMode	24	static
../AGR_Library_MD/Module_Common/HW_Drivers/BSP/BSP_Drivers/TIMER/Src/bsp_tim.c:517:21:BSP_RunTimEnc	24	static
../AGR_Library_MD/Module_Common/HW_Drivers/BSP/BSP_Drivers/TIMER/Src/bsp_tim.c:546:6:BSP_SetTimCB	24	static
../AGR_Library_MD/Module_Common/HW_Drivers/BSP/BSP_Drivers/TIMER/Src/bsp_tim.c:560:6:HAL_TIM_PeriodElapsedCallback	16	static
../AGR_Library_MD/Module_Common/HW_Drivers/BSP/BSP_Drivers/TIMER/Src/bsp_tim.c:575:6:HAL_TIM_OC_DelayElapsedCallback	16	static
../AGR_Library_MD/Module_Common/HW_Drivers/BSP/BSP_Drivers/TIMER/Src/bsp_tim.c:586:6:HAL_TIM_IC_CaptureCallbac	16	static
../AGR_Library_MD/Module_Common/HW_Drivers/BSP/BSP_Drivers/TIMER/Src/bsp_tim.c:597:6:HAL_TIM_PWM_PulseFinishedCallback	16	static
../AGR_Library_MD/Module_Common/HW_Drivers/BSP/BSP_Drivers/TIMER/Src/bsp_tim.c:618:13:ExecuteTimCB	32	static
../AGR_Library_MD/Module_Common/HW_Drivers/BSP/BSP_Drivers/TIMER/Src/bsp_tim.c:635:27:FindTimHandle	24	static
../AGR_Library_MD/Module_Common/HW_Drivers/BSP/BSP_Drivers/TIMER/Src/bsp_tim.c:645:18:FindTimEnum	24	static
