../AGR_Library_MD/Apps/Tasks/Algorithm_Ctrl/Src/algorithm_ctrl.c:119:1:GetTaskStateCB	16	static
../AGR_Library_MD/Apps/Tasks/Algorithm_Ctrl/Src/algorithm_ctrl.c:119:1:SetTaskStateCB	24	static
../AGR_Library_MD/Apps/Tasks/Algorithm_Ctrl/Src/algorithm_ctrl.c:119:1:GetTaskRoutineCB	24	static
../AGR_Library_MD/Apps/Tasks/Algorithm_Ctrl/Src/algorithm_ctrl.c:119:1:SetTaskRoutineCB	24	static
../AGR_Library_MD/Apps/Tasks/Algorithm_Ctrl/Src/algorithm_ctrl.c:121:6:InitAlgorithmCtrl	64	static
../AGR_Library_MD/Apps/Tasks/Algorithm_Ctrl/Src/algorithm_ctrl.c:153:6:RunAlgorithmCtrl	48	static
../AGR_Library_MD/Apps/Tasks/Algorithm_Ctrl/Src/algorithm_ctrl.c:180:13:StateOff_Run	8	static
../AGR_Library_MD/Apps/Tasks/Algorithm_Ctrl/Src/algorithm_ctrl.c:185:13:StateStandby_Run	8	static
../AGR_Library_MD/Apps/Tasks/Algorithm_Ctrl/Src/algorithm_ctrl.c:190:13:StateEnable_Ent	8	static
../AGR_Library_MD/Apps/Tasks/Algorithm_Ctrl/Src/algorithm_ctrl.c:206:13:StateEnable_Run	16	static
../AGR_Library_MD/Apps/Tasks/Algorithm_Ctrl/Src/algorithm_ctrl.c:361:13:StateEnable_Ext	8	static
../AGR_Library_MD/Apps/Tasks/Algorithm_Ctrl/Src/algorithm_ctrl.c:366:13:StateError_Run	4	static
../AGR_Library_MD/Apps/Tasks/Algorithm_Ctrl/Src/algorithm_ctrl.c:371:13:UpdateRobotData	16	static
../AGR_Library_MD/Apps/Tasks/Algorithm_Ctrl/Src/algorithm_ctrl.c:380:13:UpdateExtensionBoardData	16	static
../AGR_Library_MD/Apps/Tasks/Algorithm_Ctrl/Src/algorithm_ctrl.c:398:13:PvectorTrigger	32	static
../AGR_Library_MD/Apps/Tasks/Algorithm_Ctrl/Src/algorithm_ctrl.c:413:13:InitFvectorMaxTorque	16	static
../AGR_Library_MD/Apps/Tasks/Algorithm_Ctrl/Src/algorithm_ctrl.c:429:13:FvectorTrigger	40	static
../AGR_Library_MD/Apps/Tasks/Algorithm_Ctrl/Src/algorithm_ctrl.c:480:13:InitPositionControl	16	static
../AGR_Library_MD/Apps/Tasks/Algorithm_Ctrl/Src/algorithm_ctrl.c:488:13:InitPosCtrlHoming	24	static
../AGR_Library_MD/Apps/Tasks/Algorithm_Ctrl/Src/algorithm_ctrl.c:498:13:PositionCtrl_Sample	16	static
../AGR_Library_MD/Apps/Tasks/Algorithm_Ctrl/Src/algorithm_ctrl.c:507:13:InitGravityCompensation	16	static
../AGR_Library_MD/Apps/Tasks/Algorithm_Ctrl/Src/algorithm_ctrl.c:515:13:GravityCompensation_Sample	24	static
../AGR_Library_MD/Apps/Tasks/Algorithm_Ctrl/Src/algorithm_ctrl.c:531:13:InitImpedanceSetting	16	static
../AGR_Library_MD/Apps/Tasks/Algorithm_Ctrl/Src/algorithm_ctrl.c:542:13:ImpedanceControl_Sample	48	static
../AGR_Library_MD/Apps/Tasks/Algorithm_Ctrl/Src/algorithm_ctrl.c:606:13:error_filter2	40	static
../AGR_Library_MD/Apps/Tasks/Algorithm_Ctrl/Src/algorithm_ctrl.c:631:13:ControlInputSaturation	32	static
